[2022-07-21T08:14:29.588+0000][0.012s] Heap region size: 1M
[2022-07-21T08:14:29.602+0000][0.026s] Using G1
[2022-07-21T08:14:29.604+0000][0.027s] Heap address: 0x00000000e0000000, size: 512 MB, Compressed Oops mode: 32-bit
[2022-07-21T08:14:29.605+0000][0.029s] Mark closed archive regions in map: [0x00000000ffc00000, 0x00000000ffc65ff8]
[2022-07-21T08:14:29.606+0000][0.030s] Mark open archive regions in map: [0x00000000ff800000, 0x00000000ff842ff8]
[2022-07-21T08:14:29.953+0000][0.377s] GC(0) Pause Young (Normal) (G1 Evacuation Pause)
[2022-07-21T08:14:29.955+0000][0.378s] GC(0) Using 5 workers of 5 for evacuation
[2022-07-21T08:14:29.963+0000][0.386s] GC(0)   Pre Evacuate Collection Set: 0.0ms
[2022-07-21T08:14:29.964+0000][0.387s] GC(0)   Evacuate Collection Set: 6.6ms
[2022-07-21T08:14:29.964+0000][0.388s] GC(0)   Post Evacuate Collection Set: 0.6ms
[2022-07-21T08:14:29.965+0000][0.389s] GC(0)   Other: 2.7ms
[2022-07-21T08:14:29.966+0000][0.389s] GC(0) Eden regions: 25->0(304)
[2022-07-21T08:14:29.967+0000][0.390s] GC(0) Survivor regions: 0->3(4)
[2022-07-21T08:14:29.967+0000][0.391s] GC(0) Old regions: 2->2
[2022-07-21T08:14:29.968+0000][0.392s] GC(0) Humongous regions: 0->0
[2022-07-21T08:14:29.969+0000][0.392s] GC(0) Metaspace: 6764K->6764K(1056768K)
[2022-07-21T08:14:29.970+0000][0.393s] GC(0) Pause Young (Normal) (G1 Evacuation Pause) 25M->3M(512M) 16.713ms
[2022-07-21T08:14:29.970+0000][0.394s] GC(0) User=0.03s Sys=0.00s Real=0.02s
[2022-07-21T08:14:30.290+0000][0.714s] GC(1) Pause Young (Normal) (G1 Evacuation Pause)
[2022-07-21T08:14:30.291+0000][0.715s] GC(1) Using 5 workers of 5 for evacuation
[2022-07-21T08:14:30.305+0000][0.729s] GC(1)   Pre Evacuate Collection Set: 0.0ms
[2022-07-21T08:14:30.307+0000][0.730s] GC(1)   Evacuate Collection Set: 12.5ms
[2022-07-21T08:14:30.308+0000][0.731s] GC(1)   Post Evacuate Collection Set: 0.4ms
[2022-07-21T08:14:30.309+0000][0.732s] GC(1)   Other: 2.1ms
[2022-07-21T08:14:30.310+0000][0.733s] GC(1) Eden regions: 29->0(35)
[2022-07-21T08:14:30.310+0000][0.734s] GC(1) Survivor regions: 3->4(4)
[2022-07-21T08:14:30.311+0000][0.735s] GC(1) Old regions: 2->11
[2022-07-21T08:14:30.312+0000][0.736s] GC(1) Humongous regions: 4->4
[2022-07-21T08:14:30.313+0000][0.736s] GC(1) Metaspace: 14432K->14432K(1062912K)
[2022-07-21T08:14:30.314+0000][0.737s] GC(1) Pause Young (Normal) (G1 Evacuation Pause) 36M->16M(512M) 23.624ms
[2022-07-21T08:14:30.315+0000][0.738s] GC(1) User=0.06s Sys=0.01s Real=0.02s
[2022-07-21T08:14:30.548+0000][0.971s] GC(2) Pause Young (Normal) (G1 Evacuation Pause)
[2022-07-21T08:14:30.549+0000][0.972s] GC(2) Using 5 workers of 5 for evacuation
[2022-07-21T08:14:30.555+0000][0.979s] GC(2)   Pre Evacuate Collection Set: 0.0ms
[2022-07-21T08:14:30.556+0000][0.979s] GC(2)   Evacuate Collection Set: 5.0ms
[2022-07-21T08:14:30.557+0000][0.980s] GC(2)   Post Evacuate Collection Set: 0.3ms
[2022-07-21T08:14:30.558+0000][0.981s] GC(2)   Other: 2.2ms
[2022-07-21T08:14:30.558+0000][0.982s] GC(2) Eden regions: 31->0(44)
[2022-07-21T08:14:30.559+0000][0.982s] GC(2) Survivor regions: 4->5(5)
[2022-07-21T08:14:30.560+0000][0.983s] GC(2) Old regions: 11->16
[2022-07-21T08:14:30.561+0000][0.984s] GC(2) Humongous regions: 4->4
[2022-07-21T08:14:30.562+0000][0.985s] GC(2) Metaspace: 16572K->16572K(1064960K)
[2022-07-21T08:14:30.562+0000][0.986s] GC(2) Pause Young (Normal) (G1 Evacuation Pause) 47M->23M(512M) 14.788ms
[2022-07-21T08:14:30.563+0000][0.987s] GC(2) User=0.02s Sys=0.00s Real=0.01s
[2022-07-21T08:14:30.717+0000][1.140s] GC(3) Pause Young (Concurrent Start) (Metadata GC Threshold)
[2022-07-21T08:14:30.718+0000][1.141s] GC(3) Using 5 workers of 5 for evacuation
[2022-07-21T08:14:30.721+0000][1.145s] GC(3)   Pre Evacuate Collection Set: 0.1ms
[2022-07-21T08:14:30.722+0000][1.146s] GC(3)   Evacuate Collection Set: 2.4ms
[2022-07-21T08:14:30.723+0000][1.146s] GC(3)   Post Evacuate Collection Set: 0.3ms
[2022-07-21T08:14:30.724+0000][1.147s] GC(3)   Other: 1.8ms
[2022-07-21T08:14:30.725+0000][1.148s] GC(3) Eden regions: 31->0(54)
[2022-07-21T08:14:30.725+0000][1.149s] GC(3) Survivor regions: 5->1(7)
[2022-07-21T08:14:30.729+0000][1.153s] GC(3) Old regions: 16->22
[2022-07-21T08:14:30.730+0000][1.154s] GC(3) Humongous regions: 4->4
[2022-07-21T08:14:30.731+0000][1.154s] GC(3) Metaspace: 20464K->20464K(1069056K)
[2022-07-21T08:14:30.732+0000][1.155s] GC(3) Pause Young (Concurrent Start) (Metadata GC Threshold) 54M->24M(512M) 15.172ms
[2022-07-21T08:14:30.733+0000][1.156s] GC(3) User=0.01s Sys=0.00s Real=0.01s
[2022-07-21T08:14:30.733+0000][1.157s] GC(4) Concurrent Cycle
[2022-07-21T08:14:30.734+0000][1.158s] GC(4) Concurrent Clear Claimed Marks
[2022-07-21T08:14:30.735+0000][1.158s] GC(4) Concurrent Clear Claimed Marks 0.676ms
[2022-07-21T08:14:30.736+0000][1.159s] GC(4) Concurrent Scan Root Regions
[2022-07-21T08:14:30.737+0000][1.160s] GC(4) Concurrent Scan Root Regions 1.176ms
[2022-07-21T08:14:30.738+0000][1.161s] GC(4) Concurrent Mark (1.161s)
[2022-07-21T08:14:30.738+0000][1.162s] GC(4) Concurrent Mark From Roots
[2022-07-21T08:14:30.739+0000][1.163s] GC(4) Using 1 workers of 1 for marking
[2022-07-21T08:14:30.754+0000][1.177s] GC(4) Concurrent Mark From Roots 15.069ms
[2022-07-21T08:14:30.755+0000][1.178s] GC(4) Concurrent Preclean
[2022-07-21T08:14:30.756+0000][1.179s] GC(4) Concurrent Preclean 0.893ms
[2022-07-21T08:14:30.756+0000][1.180s] GC(4) Concurrent Mark (1.161s, 1.180s) 18.466ms
[2022-07-21T08:14:30.758+0000][1.181s] GC(4) Pause Remark
[2022-07-21T08:14:30.760+0000][1.183s] GC(4) Cleaned string and symbol table, strings: 9032 processed, 25 removed, symbols: 62501 processed, 38 removed
[2022-07-21T08:14:30.761+0000][1.185s] GC(4) Pause Remark 28M->28M(512M) 3.423ms
[2022-07-21T08:14:30.762+0000][1.186s] GC(4) User=0.01s Sys=0.00s Real=0.00s
[2022-07-21T08:14:30.763+0000][1.186s] GC(4) Concurrent Rebuild Remembered Sets
[2022-07-21T08:14:30.778+0000][1.201s] GC(4) Concurrent Rebuild Remembered Sets 14.789ms
[2022-07-21T08:14:30.779+0000][1.203s] GC(4) Pause Cleanup
[2022-07-21T08:14:30.780+0000][1.204s] GC(4) Pause Cleanup 31M->31M(512M) 0.983ms
[2022-07-21T08:14:30.781+0000][1.205s] GC(4) User=0.00s Sys=0.00s Real=0.00s
[2022-07-21T08:14:30.783+0000][1.206s] GC(4) Concurrent Cleanup for Next Mark
[2022-07-21T08:14:30.784+0000][1.207s] GC(4) Concurrent Cleanup for Next Mark 1.200ms
[2022-07-21T08:14:30.785+0000][1.208s] GC(4) Concurrent Cycle 51.388ms
[2022-07-21T08:14:31.117+0000][1.541s] GC(5) Pause Young (Concurrent Start) (G1 Evacuation Pause)
[2022-07-21T08:14:31.118+0000][1.542s] GC(5) Using 5 workers of 5 for evacuation
[2022-07-21T08:14:31.121+0000][1.545s] GC(5)   Pre Evacuate Collection Set: 0.2ms
[2022-07-21T08:14:31.122+0000][1.546s] GC(5)   Evacuate Collection Set: 1.5ms
[2022-07-21T08:14:31.123+0000][1.547s] GC(5)   Post Evacuate Collection Set: 0.4ms
[2022-07-21T08:14:31.124+0000][1.548s] GC(5)   Other: 2.1ms
[2022-07-21T08:14:31.125+0000][1.549s] GC(5) Eden regions: 54->0(94)
[2022-07-21T08:14:31.126+0000][1.549s] GC(5) Survivor regions: 1->1(7)
[2022-07-21T08:14:31.126+0000][1.550s] GC(5) Old regions: 22->22
[2022-07-21T08:14:31.127+0000][1.551s] GC(5) Humongous regions: 4->4
[2022-07-21T08:14:31.128+0000][1.551s] GC(5) Metaspace: 23029K->23029K(1071104K)
[2022-07-21T08:14:31.129+0000][1.552s] GC(5) Pause Young (Concurrent Start) (G1 Evacuation Pause) 78M->24M(512M) 11.576ms
[2022-07-21T08:14:31.130+0000][1.553s] GC(5) User=0.01s Sys=0.00s Real=0.01s
[2022-07-21T08:14:31.130+0000][1.554s] GC(6) Concurrent Cycle
[2022-07-21T08:14:31.131+0000][1.555s] GC(6) Concurrent Clear Claimed Marks
[2022-07-21T08:14:31.132+0000][1.555s] GC(6) Concurrent Clear Claimed Marks 0.708ms
[2022-07-21T08:14:31.133+0000][1.556s] GC(6) Concurrent Scan Root Regions
[2022-07-21T08:14:31.135+0000][1.558s] GC(6) Concurrent Scan Root Regions 2.183ms
[2022-07-21T08:14:31.136+0000][1.559s] GC(6) Concurrent Mark (1.559s)
[2022-07-21T08:14:31.137+0000][1.560s] GC(6) Concurrent Mark From Roots
[2022-07-21T08:14:31.138+0000][1.562s] GC(6) Using 1 workers of 1 for marking
[2022-07-21T08:14:31.153+0000][1.577s] GC(6) Concurrent Mark From Roots 16.115ms
[2022-07-21T08:14:31.154+0000][1.578s] GC(6) Concurrent Preclean
[2022-07-21T08:14:31.156+0000][1.579s] GC(6) Concurrent Preclean 1.398ms
[2022-07-21T08:14:31.156+0000][1.580s] GC(6) Concurrent Mark (1.559s, 1.580s) 20.743ms
[2022-07-21T08:14:31.158+0000][1.581s] GC(6) Pause Remark
[2022-07-21T08:14:31.160+0000][1.584s] GC(6) Cleaned string and symbol table, strings: 9671 processed, 1 removed, symbols: 67971 processed, 5 removed
[2022-07-21T08:14:31.161+0000][1.585s] GC(6) Pause Remark 28M->28M(512M) 3.304ms
[2022-07-21T08:14:31.162+0000][1.585s] GC(6) User=0.01s Sys=0.00s Real=0.00s
[2022-07-21T08:14:31.163+0000][1.586s] GC(6) Concurrent Rebuild Remembered Sets
[2022-07-21T08:14:31.172+0000][1.595s] GC(6) Concurrent Rebuild Remembered Sets 8.934ms
[2022-07-21T08:14:31.175+0000][1.598s] GC(6) Pause Cleanup
[2022-07-21T08:14:31.176+0000][1.599s] GC(6) Pause Cleanup 29M->29M(512M) 0.752ms
[2022-07-21T08:14:31.176+0000][1.600s] GC(6) User=0.00s Sys=0.00s Real=0.01s
[2022-07-21T08:14:31.177+0000][1.600s] GC(6) Concurrent Cleanup for Next Mark
[2022-07-21T08:14:31.178+0000][1.601s] GC(6) Concurrent Cleanup for Next Mark 1.049ms
[2022-07-21T08:14:31.178+0000][1.602s] GC(6) Concurrent Cycle 47.951ms
[2022-07-21T08:14:31.794+0000][2.217s] GC(7) Pause Young (Normal) (G1 Evacuation Pause)
[2022-07-21T08:14:31.795+0000][2.218s] GC(7) Using 5 workers of 5 for evacuation
[2022-07-21T08:14:31.802+0000][2.225s] GC(7)   Pre Evacuate Collection Set: 0.0ms
[2022-07-21T08:14:31.803+0000][2.226s] GC(7)   Evacuate Collection Set: 4.7ms
[2022-07-21T08:14:31.803+0000][2.227s] GC(7)   Post Evacuate Collection Set: 1.6ms
[2022-07-21T08:14:31.804+0000][2.228s] GC(7)   Other: 1.8ms
[2022-07-21T08:14:31.805+0000][2.229s] GC(7) Eden regions: 94->0(135)
[2022-07-21T08:14:31.806+0000][2.230s] GC(7) Survivor regions: 1->6(12)
[2022-07-21T08:14:31.807+0000][2.231s] GC(7) Old regions: 22->22
[2022-07-21T08:14:31.808+0000][2.231s] GC(7) Humongous regions: 4->4
[2022-07-21T08:14:31.809+0000][2.232s] GC(7) Metaspace: 34141K->34141K(1079296K)
[2022-07-21T08:14:31.809+0000][2.233s] GC(7) Pause Young (Normal) (G1 Evacuation Pause) 118M->29M(512M) 15.623ms
[2022-07-21T08:14:31.810+0000][2.233s] GC(7) User=0.03s Sys=0.00s Real=0.02s
[2022-07-21T08:14:32.352+0000][2.775s] GC(8) Pause Young (Concurrent Start) (Metadata GC Threshold)
[2022-07-21T08:14:32.353+0000][2.776s] GC(8) Using 5 workers of 5 for evacuation
[2022-07-21T08:14:32.358+0000][2.781s] GC(8)   Pre Evacuate Collection Set: 0.1ms
[2022-07-21T08:14:32.359+0000][2.782s] GC(8)   Evacuate Collection Set: 3.8ms
[2022-07-21T08:14:32.360+0000][2.783s] GC(8)   Post Evacuate Collection Set: 0.4ms
[2022-07-21T08:14:32.360+0000][2.784s] GC(8)   Other: 1.9ms
[2022-07-21T08:14:32.361+0000][2.784s] GC(8) Eden regions: 60->0(138)
[2022-07-21T08:14:32.362+0000][2.785s] GC(8) Survivor regions: 6->9(18)
[2022-07-21T08:14:32.363+0000][2.786s] GC(8) Old regions: 22->22
[2022-07-21T08:14:32.363+0000][2.787s] GC(8) Humongous regions: 5->4
[2022-07-21T08:14:32.364+0000][2.787s] GC(8) Metaspace: 39287K->39287K(1085440K)
[2022-07-21T08:14:32.364+0000][2.788s] GC(8) Pause Young (Concurrent Start) (Metadata GC Threshold) 90M->32M(512M) 12.598ms
[2022-07-21T08:14:32.365+0000][2.789s] GC(8) User=0.03s Sys=0.00s Real=0.01s
[2022-07-21T08:14:32.366+0000][2.790s] GC(9) Concurrent Cycle
[2022-07-21T08:14:32.367+0000][2.790s] GC(9) Concurrent Clear Claimed Marks
[2022-07-21T08:14:32.368+0000][2.791s] GC(9) Concurrent Clear Claimed Marks 0.992ms
[2022-07-21T08:14:32.368+0000][2.792s] GC(9) Concurrent Scan Root Regions
[2022-07-21T08:14:32.372+0000][2.796s] GC(9) Concurrent Scan Root Regions 4.100ms
[2022-07-21T08:14:32.374+0000][2.797s] GC(9) Concurrent Mark (2.797s)
[2022-07-21T08:14:32.374+0000][2.798s] GC(9) Concurrent Mark From Roots
[2022-07-21T08:14:32.375+0000][2.798s] GC(9) Using 1 workers of 1 for marking
[2022-07-21T08:14:32.390+0000][2.813s] GC(9) Concurrent Mark From Roots 15.607ms
[2022-07-21T08:14:32.391+0000][2.814s] GC(9) Concurrent Preclean
[2022-07-21T08:14:32.392+0000][2.815s] GC(9) Concurrent Preclean 1.109ms
[2022-07-21T08:14:32.393+0000][2.816s] GC(9) Concurrent Mark (2.797s, 2.816s) 19.187ms
[2022-07-21T08:14:32.395+0000][2.818s] GC(9) Pause Remark
[2022-07-21T08:14:32.398+0000][2.822s] GC(9) Cleaned string and symbol table, strings: 19072 processed, 0 removed, symbols: 116100 processed, 154 removed
[2022-07-21T08:14:32.400+0000][2.823s] GC(9) Pause Remark 35M->35M(512M) 4.800ms
[2022-07-21T08:14:32.400+0000][2.824s] GC(9) User=0.01s Sys=0.01s Real=0.01s
[2022-07-21T08:14:32.402+0000][2.825s] GC(9) Concurrent Rebuild Remembered Sets
[2022-07-21T08:14:32.411+0000][2.834s] GC(9) Concurrent Rebuild Remembered Sets 8.988ms
[2022-07-21T08:14:32.412+0000][2.835s] GC(9) Pause Cleanup
[2022-07-21T08:14:32.412+0000][2.836s] GC(9) Pause Cleanup 38M->38M(512M) 0.753ms
[2022-07-21T08:14:32.413+0000][2.837s] GC(9) User=0.00s Sys=0.00s Real=0.00s
[2022-07-21T08:14:32.414+0000][2.837s] GC(9) Concurrent Cleanup for Next Mark
[2022-07-21T08:14:32.415+0000][2.838s] GC(9) Concurrent Cleanup for Next Mark 1.019ms
[2022-07-21T08:14:32.415+0000][2.839s] GC(9) Concurrent Cycle 49.074ms
[2022-07-21T08:15:09.416+0000][39.847s] Heap
[2022-07-21T08:15:09.417+0000][39.848s]  garbage-first heap   total 524288K, used 178889K [0x00000000e0000000, 0x0000000100000000)
[2022-07-21T08:15:09.418+0000][39.849s]   region size 1024K, 152 young (155648K), 9 survivors (9216K)
[2022-07-21T08:15:09.419+0000][39.849s]  Metaspace       used 47217K, capacity 48440K, committed 48764K, reserved 1091584K
[2022-07-21T08:15:09.420+0000][39.850s]   class space    used 5745K, capacity 6259K, committed 6348K, reserved 1048576K
